| pam_test.py:48:18:48:44 | ControlFlowNode for pam_authenticate() | This PAM authentication call may be lead to an authorization bypass. |
